START
mode-01
mode-02
mode-03
mode-04
mode-05
mode-06
mode-07
mode-08
mode-09
mode-10
mode-11
mode-12
mode-13
mode-14
mode-15
mode-16
mode-17
mode-18
mode-19
mode-20
mode-21
mode-22
mode-23
mode-24
mode-25
mode-26
mode-27
mode-28
mode-29
mode-30
mode-31
mode-32
mode-33
mode-34
mode-35
mode-36
mode-37
mode-38
mode-39
mode-40
mode-41
mode-42
mode-43
mode-44
mode-45
mode-46
mode-47
mode-48
mode-49
mode-50
mode-51
mode-52
mode-53
mode-54
mode-55
mode-56
mode-57
mode-58
mode-59
mode-60
mode-61
mode-62
mode-63
mode-64
midi
restore
freeze
extreme
silence
DONE
ERROR error bendin: bendmode is not a valid attribute argument
